Movies matching 'dangerous'
===============
On Dangerous Ground (1951)
Dangerous Crossing (1953)
Dangerous When Wet (1953)
Dangerous Encounters of the First Kind (1980)
The Year of Living Dangerously (1982)
Dangerous Moves (1984)
Johnny Dangerously (1984)
Living Dangerously (1987)
Dangerous Liaisons (1988)
Dangerous Minds (1995)
Young and Dangerous (1996)
Young and Dangerous 2 (1996)
Young and Dangerous 3 (1996)
Young and Dangerous 1997 (1997)
Dangerous Beauty (1998)
Young and Dangerous 1998 (1998)
Bangkok Dangerous (2000)
Confessions of a Dangerous Mind (2002)
The Dangerous Lives of Altar Boys (2002)
Dangerous Parking (2007)
The Most Dangerous Man in America: Daniel Ellsberg and the Pentagon Papers (2009)
A Dangerous Method (2011)
Cute & Dangerous (2015)
Gringo: The Dangerous Life of John McAfee (2016)
